###############################################################################
#
# IAR ELF Linker V7.40.3.8902/W32 for ARM                 13/Sep/2015  09:31:16
# Copyright 2007-2015 IAR Systems AB.
#
#    Output file  =  
#        E:\hb\projects\Micrium_AT91SAM9M10-G45-EK_uCOS-II\Micrium\Software\EvalBoards\Atmel\AT91SAM9M10-G45\uCOS-II\IAR\SRAM\Exe\OS.out
#    Map file     =  
#        E:\hb\projects\Micrium_AT91SAM9M10-G45-EK_uCOS-II\Micrium\Software\EvalBoards\Atmel\AT91SAM9M10-G45\uCOS-II\IAR\SRAM\List\OS.map
#    Command line =  
#        E:\hb\projects\Micrium_AT91SAM9M10-G45-EK_uCOS-II\Micrium\Software\EvalBoards\Atmel\AT91SAM9M10-G45\uCOS-II\IAR\SRAM\Obj\app.o
#        E:\hb\projects\Micrium_AT91SAM9M10-G45-EK_uCOS-II\Micrium\Software\EvalBoards\Atmel\AT91SAM9M10-G45\uCOS-II\IAR\SRAM\Obj\app_hooks.o
#        E:\hb\projects\Micrium_AT91SAM9M10-G45-EK_uCOS-II\Micrium\Software\EvalBoards\Atmel\AT91SAM9M10-G45\uCOS-II\IAR\SRAM\Obj\bsp.o
#        E:\hb\projects\Micrium_AT91SAM9M10-G45-EK_uCOS-II\Micrium\Software\EvalBoards\Atmel\AT91SAM9M10-G45\uCOS-II\IAR\SRAM\Obj\cstartup.o
#        E:\hb\projects\Micrium_AT91SAM9M10-G45-EK_uCOS-II\Micrium\Software\EvalBoards\Atmel\AT91SAM9M10-G45\uCOS-II\IAR\SRAM\Obj\os_core.o
#        E:\hb\projects\Micrium_AT91SAM9M10-G45-EK_uCOS-II\Micrium\Software\EvalBoards\Atmel\AT91SAM9M10-G45\uCOS-II\IAR\SRAM\Obj\os_cpu_a.o
#        E:\hb\projects\Micrium_AT91SAM9M10-G45-EK_uCOS-II\Micrium\Software\EvalBoards\Atmel\AT91SAM9M10-G45\uCOS-II\IAR\SRAM\Obj\os_cpu_c.o
#        E:\hb\projects\Micrium_AT91SAM9M10-G45-EK_uCOS-II\Micrium\Software\EvalBoards\Atmel\AT91SAM9M10-G45\uCOS-II\IAR\SRAM\Obj\os_flag.o
#        E:\hb\projects\Micrium_AT91SAM9M10-G45-EK_uCOS-II\Micrium\Software\EvalBoards\Atmel\AT91SAM9M10-G45\uCOS-II\IAR\SRAM\Obj\os_mbox.o
#        E:\hb\projects\Micrium_AT91SAM9M10-G45-EK_uCOS-II\Micrium\Software\EvalBoards\Atmel\AT91SAM9M10-G45\uCOS-II\IAR\SRAM\Obj\os_mem.o
#        E:\hb\projects\Micrium_AT91SAM9M10-G45-EK_uCOS-II\Micrium\Software\EvalBoards\Atmel\AT91SAM9M10-G45\uCOS-II\IAR\SRAM\Obj\os_mutex.o
#        E:\hb\projects\Micrium_AT91SAM9M10-G45-EK_uCOS-II\Micrium\Software\EvalBoards\Atmel\AT91SAM9M10-G45\uCOS-II\IAR\SRAM\Obj\os_q.o
#        E:\hb\projects\Micrium_AT91SAM9M10-G45-EK_uCOS-II\Micrium\Software\EvalBoards\Atmel\AT91SAM9M10-G45\uCOS-II\IAR\SRAM\Obj\os_sem.o
#        E:\hb\projects\Micrium_AT91SAM9M10-G45-EK_uCOS-II\Micrium\Software\EvalBoards\Atmel\AT91SAM9M10-G45\uCOS-II\IAR\SRAM\Obj\os_task.o
#        E:\hb\projects\Micrium_AT91SAM9M10-G45-EK_uCOS-II\Micrium\Software\EvalBoards\Atmel\AT91SAM9M10-G45\uCOS-II\IAR\SRAM\Obj\os_time.o
#        E:\hb\projects\Micrium_AT91SAM9M10-G45-EK_uCOS-II\Micrium\Software\EvalBoards\Atmel\AT91SAM9M10-G45\uCOS-II\IAR\SRAM\Obj\os_tmr.o
#        --redirect _Printf=_PrintfFull --redirect _Scanf=_ScanfFull -o
#        E:\hb\projects\Micrium_AT91SAM9M10-G45-EK_uCOS-II\Micrium\Software\EvalBoards\Atmel\AT91SAM9M10-G45\uCOS-II\IAR\SRAM\Exe\OS.out
#        --map
#        E:\hb\projects\Micrium_AT91SAM9M10-G45-EK_uCOS-II\Micrium\Software\EvalBoards\Atmel\AT91SAM9M10-G45\uCOS-II\IAR\SRAM\List\OS.map
#        --config
#        E:\hb\projects\Micrium_AT91SAM9M10-G45-EK_uCOS-II\Micrium\Software\EvalBoards\Atmel\AT91SAM9M10-G45\uCOS-II\IAR\..\..\BSP\IAR\AT91SAM9M10_SRAM.icf
#        --semihosting --entry __iar_program_start --vfe
#
###############################################################################

*******************************************************************************
*** RUNTIME MODEL ATTRIBUTES
***

CppFlavor       = *
__SystemLibrary = DLib


*******************************************************************************
*** PLACEMENT SUMMARY
***

"A1":  place at 0x00300000 { ro section .intvec };
"P1":  place in [from 0x00300044 to 0x0030ffff] { ro };
"P2":  place in [from 0x00300044 to 0x0030ffff] {
          rw, block CSTACK, block SVC_STACK, block IRQ_STACK, block FIQ_STACK,
          block UND_STACK, block ABT_STACK, block HEAP };

  Section          Kind        Address   Size  Object
  -------          ----        -------   ----  ------
"A1":                                    0x40
  .intvec          ro code  0x00300000   0x40  cstartup.o [1]
                          - 0x00300040   0x40

"P1":                                   0x76c
  CODE             ro code  0x00300044  0x418  os_cpu_a.o [1]
  .rodata          const    0x0030045c  0x100  os_core.o [1]
  .text            ro code  0x0030055c   0xcc  os_core.o [1]
  text             ro code  0x00300628   0x98  cstartup.o [1]
  .text            ro code  0x003006c0   0x3c  zero_init3.o [4]
  .text            ro code  0x003006fc   0x2c  cmain.o [4]
  .text            ro code  0x00300728    0x4  low_level_init.o [3]
  .text            ro code  0x0030072c   0x28  data_init.o [4]
  .text            ro code  0x00300754    0x4  app.o [1]
  .text            ro code  0x00300758    0x8  exit.o [3]
  .text            ro code  0x00300760   0x20  exit.o [5]
  .text            ro code  0x00300780   0x10  cexit.o [4]
  .iar.init_table  const    0x00300790   0x10  - Linker created -
  .text            ro code  0x003007a0    0x8  os_cpu_c.o [1]
  .text            ro code  0x003007a8    0x2  app_hooks.o [1]
  .text            ro code  0x003007aa    0x2  bsp.o [1]
  .text            ro code  0x003007ac    0x4  xreturnswi.o [5]
  .rodata          const    0x003007b0    0x0  zero_init3.o [4]
                          - 0x003007b0  0x76c

"P2":                                   0xa28
  .bss             zero     0x003007b0  0x100  os_core.o [1]
  .bss             zero     0x003008b0    0x8  os_core.o [1]
  .bss             zero     0x003008b8    0x4  os_core.o [1]
  .bss             zero     0x003008bc    0x4  os_core.o [1]
  .bss             zero     0x003008c0    0x4  os_core.o [1]
  .bss             zero     0x003008c4    0x4  os_cpu_c.o [1]
  .bss             zero     0x003008c8    0x4  os_cpu_c.o [1]
  .bss             zero     0x003008cc    0x1  os_core.o [1]
  .bss             zero     0x003008cd    0x1  os_core.o [1]
  .bss             zero     0x003008ce    0x1  os_core.o [1]
  .bss             zero     0x003008cf    0x1  os_core.o [1]
  .bss             zero     0x003008d0    0x1  os_core.o [1]
  .bss             zero     0x003008d1    0x1  os_core.o [1]
  CSTACK                    0x003008d8  0x400  <Block>
    CSTACK         uninit   0x003008d8  0x400  <Block tail>
  SVC_STACK                 0x00300cd8  0x400  <Block>
    SVC_STACK      uninit   0x00300cd8  0x400  <Block tail>
  IRQ_STACK                 0x003010d8   0x40  <Block>
    IRQ_STACK      uninit   0x003010d8   0x40  <Block tail>
  FIQ_STACK                 0x00301118   0x40  <Block>
    FIQ_STACK      uninit   0x00301118   0x40  <Block tail>
  UND_STACK                 0x00301158   0x40  <Block>
    UND_STACK      uninit   0x00301158   0x40  <Block tail>
  ABT_STACK                 0x00301198   0x40  <Block>
    ABT_STACK      uninit   0x00301198   0x40  <Block tail>
                          - 0x003011d8  0xa28


*******************************************************************************
*** INIT TABLE
***

          Address     Size
          -------     ----
Zero (__iar_zero_init3)
    1 destination range, total size 0x122:
          0x003007b0  0x122



*******************************************************************************
*** MODULE SUMMARY
***

    Module            ro code  ro data  rw data
    ------            -------  -------  -------
E:\hb\projects\Micrium_AT91SAM9M10-G45-EK_uCOS-II\Micrium\Software\EvalBoards\Atmel\AT91SAM9M10-G45\uCOS-II\IAR\SRAM\Obj: [1]
    app.o                   4
    app_hooks.o             2
    bsp.o                   2
    cstartup.o            216
    os_core.o             204      256      282
    os_cpu_a.o          1 048
    os_cpu_c.o              8                 8
    -------------------------------------------
    Total:              1 484      256      290

command line: [2]
    -------------------------------------------
    Total:

dl5E_tln.a: [3]
    exit.o                  8
    low_level_init.o        4
    -------------------------------------------
    Total:                 12

rt5E_al.a: [4]
    cexit.o                16
    cmain.o                44
    data_init.o            40
    zero_init3.o           60
    -------------------------------------------
    Total:                160

shs_l.a: [5]
    exit.o                 32
    xreturnswi.o            4
    -------------------------------------------
    Total:                 36

    Linker created                  16    2 304
-----------------------------------------------
    Grand Total:        1 692      272    2 594


*******************************************************************************
*** ENTRY LIST
***

Entry                      Address   Size  Type      Object
-----                      -------   ----  ----      ------
.iar.init_table$$Base   0x00300790          --   Gb  - Linker created -
.iar.init_table$$Limit  0x003007a0          --   Gb  - Linker created -
?main                   0x003006fc         Code  Gb  cmain.o [4]
ABT_STACK$$Base         0x00301198          --   Gb  - Linker created -
ABT_STACK$$Limit        0x003011d8          --   Gb  - Linker created -
App_TaskSwHook          0x003007a9    0x2  Code  Gb  app_hooks.o [1]
CSTACK$$Base            0x003008d8          --   Gb  - Linker created -
CSTACK$$Limit           0x00300cd8          --   Gb  - Linker created -
FIQ_STACK$$Base         0x00301118          --   Gb  - Linker created -
FIQ_STACK$$Limit        0x00301158          --   Gb  - Linker created -
IRQ_STACK$$Base         0x003010d8          --   Gb  - Linker created -
IRQ_STACK$$Limit        0x00301118          --   Gb  - Linker created -
OSCtxSw                 0x00300090         Code  Gb  os_cpu_a.o [1]
OSCtxSwCtr              0x003008b8    0x4  Data  Gb  os_core.o [1]
OSIntCtxSw              0x003000f4         Code  Gb  os_cpu_a.o [1]
OSIntExit               0x0030055d   0x78  Code  Gb  os_core.o [1]
OSIntNesting            0x003008cc    0x1  Data  Gb  os_core.o [1]
OSLockNesting           0x003008cd    0x1  Data  Gb  os_core.o [1]
OSPrioCur               0x003008ce    0x1  Data  Gb  os_core.o [1]
OSPrioHighRdy           0x003008cf    0x1  Data  Gb  os_core.o [1]
OSRdyGrp                0x003008d0    0x1  Data  Gb  os_core.o [1]
OSRdyTbl                0x003008b0    0x8  Data  Gb  os_core.o [1]
OSRunning               0x003008d1    0x1  Data  Gb  os_core.o [1]
OSStartHighRdy          0x0030005c         Code  Gb  os_cpu_a.o [1]
OSTCBCur                0x003008bc    0x4  Data  Gb  os_core.o [1]
OSTCBHighRdy            0x003008c0    0x4  Data  Gb  os_core.o [1]
OSTCBPrioTbl            0x003007b0  0x100  Data  Gb  os_core.o [1]
OSTaskSwHook            0x003007a1    0x8  Code  Gb  os_cpu_c.o [1]
OSUnMapTbl              0x0030045c  0x100  Data  Gb  os_core.o [1]
OS_CPU_ARM_ExceptAddrAbortHndlr
                        0x00300178         Code  Gb  os_cpu_a.o [1]
OS_CPU_ARM_ExceptDataAbortHndlr
                        0x00300164         Code  Gb  os_cpu_a.o [1]
OS_CPU_ARM_ExceptFiqHndlr
                        0x0030018c         Code  Gb  os_cpu_a.o [1]
OS_CPU_ARM_ExceptIrqHndlr
                        0x003002c4         Code  Gb  os_cpu_a.o [1]
OS_CPU_ARM_ExceptPrefetchAbortHndlr
                        0x00300150         Code  Gb  os_cpu_a.o [1]
OS_CPU_ARM_ExceptSwiHndlr
                        0x00300140         Code  Gb  os_cpu_a.o [1]
OS_CPU_ARM_ExceptUndefInstrHndlr
                        0x00300130         Code  Gb  os_cpu_a.o [1]
OS_CPU_ExceptHndlr      0x003007ab    0x2  Code  Gb  bsp.o [1]
OS_CPU_ExceptStkBase    0x003008c4    0x4  Data  Gb  os_cpu_c.o [1]
OS_CPU_ExceptStkPtr     0x003008c8    0x4  Data  Gb  os_cpu_c.o [1]
OS_CPU_SR_FIQ_Dis       0x00300420         Code  Gb  os_cpu_a.o [1]
OS_CPU_SR_FIQ_En        0x00300410         Code  Gb  os_cpu_a.o [1]
OS_CPU_SR_INT_Dis       0x003003e0         Code  Gb  os_cpu_a.o [1]
OS_CPU_SR_INT_En        0x003003d0         Code  Gb  os_cpu_a.o [1]
OS_CPU_SR_IRQ_Dis       0x00300400         Code  Gb  os_cpu_a.o [1]
OS_CPU_SR_IRQ_En        0x003003f0         Code  Gb  os_cpu_a.o [1]
OS_CPU_SR_Restore       0x00300054         Code  Gb  os_cpu_a.o [1]
OS_CPU_SR_Save          0x00300044         Code  Gb  os_cpu_a.o [1]
OS_SchedNew             0x003005f5   0x24  Code  Lc  os_core.o [1]
Region$$Table$$Base     0x00300790          --   Gb  - Linker created -
Region$$Table$$Limit    0x003007a0          --   Gb  - Linker created -
SVC_STACK$$Base         0x00300cd8          --   Gb  - Linker created -
SVC_STACK$$Limit        0x003010d8          --   Gb  - Linker created -
UND_STACK$$Base         0x00301158          --   Gb  - Linker created -
UND_STACK$$Limit        0x00301198          --   Gb  - Linker created -
__cmain                 0x003006fc         Code  Gb  cmain.o [4]
__exit                  0x00300760   0x20  Code  Gb  exit.o [5]
__iar_data_init3        0x0030072d   0x28  Code  Gb  data_init.o [4]
__iar_program_start     0x00300628         Code  Gb  cstartup.o [1]
__iar_return_from_swi   0x003007ac    0x4  Code  Gb  xreturnswi.o [5]
__iar_zero_init3        0x003006c1   0x3c  Code  Gb  zero_init3.o [4]
__low_level_init        0x00300729    0x4  Code  Gb  low_level_init.o [3]
__vector                0x00300000         Code  Gb  cstartup.o [1]
_call_main              0x00300710         Code  Gb  cmain.o [4]
_exit                   0x00300780         Code  Gb  cexit.o [4]
_main                   0x00300718         Code  Gb  cmain.o [4]
exit                    0x00300759    0x8  Code  Gb  exit.o [3]
fl_sdram_end {Abs}      0x0030fff8          --   Gb  command line/config [2]
main                    0x00300755    0x4  Code  Gb  app.o [1]


[1] = E:\hb\projects\Micrium_AT91SAM9M10-G45-EK_uCOS-II\Micrium\Software\EvalBoards\Atmel\AT91SAM9M10-G45\uCOS-II\IAR\SRAM\Obj
[2] = command line
[3] = dl5E_tln.a
[4] = rt5E_al.a
[5] = shs_l.a

  1 692 bytes of readonly  code memory
    272 bytes of readonly  data memory
  2 594 bytes of readwrite data memory

Errors: none
Warnings: none
